run: 35734314666  |  2026-09-22T13:34:37Z  |  결과: failure
── firebase 출력 ──
[2026-09-22T13:34:36.072Z] ----------------------------------------------------------------------
[2026-09-22T13:34:36.074Z] Command:       /opt/hostedtoolcache/node/20.20.2/x64/bin/node /opt/hostedtoolcache/node/20.20.2/x64/bin/firebase deploy --only firestore:rules --project traininglogskeleton --non-interactive --debug
[2026-09-22T13:34:36.074Z] CLI Version:   15.30.2
[2026-09-22T13:34:36.074Z] Platform:      linux
[2026-09-22T13:34:36.074Z] Node Version:  v20.20.2
[2026-09-22T13:34:36.074Z] Detected Agent: unknown
[2026-09-22T13:34:36.074Z] Time:          Tue Sep 22 2026 13:34:36 GMT+0000 (Coordinated Universal Time)
[2026-09-22T13:34:36.075Z] ----------------------------------------------------------------------

[2026-09-22T13:34:36.663Z] > command requires scopes: ["email","openid","https://www.googleapis.com/auth/cloudplatformprojects.readonly","https://www.googleapis.com/auth/firebase","https://www.googleapis.com/auth/cloud-platform"]
[2026-09-22T13:34:36.806Z] Running auto auth
[2026-09-22T13:34:36.807Z] [iam] checking project traininglogskeleton for permissions ["datastore.indexes.create","datastore.indexes.delete","datastore.indexes.list","datastore.indexes.update","firebase.projects.get"]
[2026-09-22T13:34:36.808Z] No OAuth tokens found
[2026-09-22T13:34:36.809Z] >>> [apiv2][query] POST https://cloudresourcemanager.googleapis.com/v1/projects/traininglogskeleton:testIamPermissions [none]
[2026-09-22T13:34:36.809Z] >>> [apiv2][(partial)header] POST https://cloudresourcemanager.googleapis.com/v1/projects/traininglogskeleton:testIamPermissions  x-goog-user-project=traininglogskeleton
[2026-09-22T13:34:36.809Z] >>> [apiv2][body] POST https://cloudresourcemanager.googleapis.com/v1/projects/traininglogskeleton:testIamPermissions {"permissions":["datastore.indexes.create","datastore.indexes.delete","datastore.indexes.list","datastore.indexes.update","firebase.projects.get"]}
[2026-09-22T13:34:37.040Z] <<< [apiv2][status] POST https://cloudresourcemanager.googleapis.com/v1/projects/traininglogskeleton:testIamPermissions 200
[2026-09-22T13:34:37.040Z] <<< [apiv2][body] POST https://cloudresourcemanager.googleapis.com/v1/projects/traininglogskeleton:testIamPermissions {"permissions":["firebase.projects.get"]}
[2026-09-22T13:34:37.040Z] [iam] error while checking permissions, command may fail: Authorization failed. This account is missing the following required permissions on project traininglogskeleton:

  datastore.indexes.create
  datastore.indexes.delete
  datastore.indexes.list
  datastore.indexes.update

=== Deploying to 'traininglogskeleton'...

i  deploying firestore 
i  firestore: ensuring required API firestore.googleapis.com is enabled... 
[2026-09-22T13:34:37.042Z] No OAuth tokens found
[2026-09-22T13:34:37.042Z] >>> [apiv2][query] GET https://serviceusage.googleapis.com/v1/projects/traininglogskeleton/services/firestore.googleapis.com [none]
[2026-09-22T13:34:37.042Z] >>> [apiv2][(partial)header] GET https://serviceusage.googleapis.com/v1/projects/traininglogskeleton/services/firestore.googleapis.com  x-goog-user-project=traininglogskeleton
[2026-09-22T13:34:37.335Z] <<< [apiv2][status] GET https://serviceusage.googleapis.com/v1/projects/traininglogskeleton/services/firestore.googleapis.com 403
[2026-09-22T13:34:37.335Z] <<< [apiv2][body] GET https://serviceusage.googleapis.com/v1/projects/traininglogskeleton/services/firestore.googleapis.com [omitted]

Error: Request to https://serviceusage.googleapis.com/v1/projects/traininglogskeleton/services/firestore.googleapis.com had HTTP Error: 403, Permission denied to get service [firestore.googleapis.com]
Help Token: AbluAGvMPLQ2bxm8ekc_qlZgY0uPuFMyuIxAAH7BoWlKND7WAJxzNgjxo-KQ3JRhw91KxBKDc5vIBR6MUBAFDi-iWc7bnICu_YhOBHNhjFWVKijl
[2026-09-22T13:34:37.336Z] Error Context: {
  "body": {
    "error": {
      "code": 403,
      "message": "Permission denied to get service [firestore.googleapis.com]\nHelp Token: AbluAGvMPLQ2bxm8ekc_qlZgY0uPuFMyuIxAAH7BoWlKND7WAJxzNgjxo-KQ3JRhw91KxBKDc5vIBR6MUBAFDi-iWc7bnICu_YhOBHNhjFWVKijl",
      "status": "PERMISSION_DENIED",
      "details": [
        {
          "@type": "type.googleapis.com/google.rpc.PreconditionFailure",
          "violations": [
            {
              "type": "googleapis.com",
              "subject": "?error_code=110002&service=serviceusage.googleapis.com&permission=serviceusage.services.get&error_info_id=CiQwMWEwYzk1My01NzA3LTdmYmUtYTU0Mi03YWNmNGZlY2VlZTISPXByb2plY3RudW1iZXJzLzQ2NzI0MzgwNDI4Ny9zZXJ2aWNlcy9maXJlc3RvcmUuZ29vZ2xlYXBpcy5jb20%3D&troubleshooter_url=https://console.cloud.google.com/iam-admin/troubleshooter/summary;errorId%3DCiQwMWEwYzk1My01NzA3LTdmYmUtYTU0Mi03YWNmNGZlY2VlZTISPXByb2plY3RudW1iZXJzLzQ2NzI0MzgwNDI4Ny9zZXJ2aWNlcy9maXJlc3RvcmUuZ29vZ2xlYXBpcy5jb20%253D"
            }
          ]
        },
        {
          "@type": "type.googleapis.com/google.rpc.ErrorInfo",
          "reason": "AUTH_PERMISSION_DENIED",
          "domain": "serviceusage.googleapis.com",
          "metadata": {
            "service": "serviceusage.googleapis.com",
            "permission": "serviceusage.services.get",
            "error_info_id": "CiQwMWEwYzk1My01NzA3LTdmYmUtYTU0Mi03YWNmNGZlY2VlZTISPXByb2plY3RudW1iZXJzLzQ2NzI0MzgwNDI4Ny9zZXJ2aWNlcy9maXJlc3RvcmUuZ29vZ2xlYXBpcy5jb20=",
            "troubleshooter_url": "https://console.cloud.google.com/iam-admin/troubleshooter/summary;errorId=CiQwMWEwYzk1My01NzA3LTdmYmUtYTU0Mi03YWNmNGZlY2VlZTISPXByb2plY3RudW1iZXJzLzQ2NzI0MzgwNDI4Ny9zZXJ2aWNlcy9maXJlc3RvcmUuZ29vZ2xlYXBpcy5jb20%3D"
          }
        }
      ]
    }
  },
  "response": {
    "statusCode": 403
  }
}
